09-16 01:16:06.082 D/ZhuyinIme(12498): input window height=355 density=1.25 sizing=KeyboardSizing(candidateHeight=50, keyHeight=55, keyGap=2, padding=3, keyTextSp=17.164835, candidateTextSp=17.164835) theme=暖茶 opacity=CLEAR
09-16 01:16:06.729 D/ZhuyinIme(12498): layout root=780x351 lastRowBottom=348 sideBottom=346 sideRight=776 clipped=false id=97a7521
09-16 01:16:06.852 D/ZhuyinIme(12498): layout root=780x351 lastRowBottom=348 sideBottom=346 sideRight=776 clipped=false id=97a7521
09-16 01:16:06.907 D/ZhuyinIme(12498): layout root=780x351 lastRowBottom=348 sideBottom=346 sideRight=776 clipped=false id=97a7521
09-16 01:16:07.006 D/ZhuyinIme(12498): layout root=780x351 lastRowBottom=348 sideBottom=346 sideRight=776 clipped=false id=97a7521
09-16 01:16:07.920 D/ZhuyinIme(12498): layout root=780x351 lastRowBottom=348 sideBottom=346 sideRight=776 clipped=false id=97a7521
09-16 01:16:08.109 D/ZhuyinIme(12498): layout root=780x351 lastRowBottom=348 sideBottom=346 sideRight=776 clipped=false id=97a7521
09-16 01:16:08.809 D/ZhuyinIme(12498): layout root=780x351 lastRowBottom=348 sideBottom=346 sideRight=776 clipped=false id=97a7521
09-16 01:16:09.807 D/ZhuyinIme(12498): layout root=780x351 lastRowBottom=289 sideBottom=346 sideRight=776 clipped=false id=97a7521
09-16 01:16:09.878 D/ZhuyinIme(12498): layout root=780x351 lastRowBottom=289 sideBottom=346 sideRight=776 clipped=false id=97a7521
09-16 01:16:09.936 D/ZhuyinIme(12498): layout root=780x351 lastRowBottom=289 sideBottom=346 sideRight=776 clipped=false id=97a7521
09-16 01:16:14.373 D/ZhuyinIme(12498): layout root=780x351 lastRowBottom=289 sideBottom=346 sideRight=776 clipped=false id=97a7521
09-16 01:16:14.891 D/ZhuyinPerf(12498): perf load lexiconMs=6880.6 predictorMs=2045.6 totalMs=8926.1 heapMb=117 pssMb=138
09-16 01:16:14.892 D/ZhuyinPerf(12498): perf ready sinceCreateMs=8941
09-16 01:16:14.892 D/ZhuyinPerf(12498): perf load lexiconMs=6838.6 predictorMs=2063.6 totalMs=8902.2 heapMb=90 pssMb=138
09-16 01:16:14.895 D/ZhuyinPerf(12498): perf ready sinceCreateMs=8915
09-16 01:16:14.906 D/ZhuyinIme(12498): layout root=780x351 lastRowBottom=289 sideBottom=346 sideRight=776 clipped=false id=97a7521
09-16 01:16:17.906 D/ZhuyinIme(12498): layout root=780x351 lastRowBottom=289 sideBottom=346 sideRight=776 clipped=false id=97a7521
09-16 01:16:20.732 D/ZhuyinIme(12498): layout root=780x351 lastRowBottom=289 sideBottom=346 sideRight=776 clipped=false id=97a7521
09-16 01:16:20.778 D/ZhuyinIme(12498): layout root=780x351 lastRowBottom=289 sideBottom=346 sideRight=776 clipped=false id=97a7521
09-16 01:16:20.846 D/ZhuyinIme(12498): layout root=780x351 lastRowBottom=289 sideBottom=346 sideRight=776 clipped=false id=97a7521
09-16 01:16:29.446 D/ZhuyinIme(12498): layout root=780x351 lastRowBottom=348 sideBottom=346 sideRight=776 clipped=false id=97a7521
09-16 01:16:29.465 D/ZhuyinPerf(12498): perf key kind=function syllables=0 candidates=0 totalMs=90.6 engineMs=0.0 editorMs=0.0 uiMs=90.6 frameMs=116.9
09-16 01:16:30.421 D/ZhuyinIme(12498): layout root=780x351 lastRowBottom=348 sideBottom=346 sideRight=776 clipped=false id=97a7521
09-16 01:16:30.437 D/ZhuyinPerf(12498): perf key kind=zhuyin syllables=1 candidates=60 totalMs=126.0 engineMs=34.7 editorMs=0.2 uiMs=91.1 frameMs=155.9
09-16 01:16:30.462 D/ZhuyinIme(12498): layout root=780x351 lastRowBottom=348 sideBottom=346 sideRight=776 clipped=false id=97a7521
09-16 01:16:31.227 D/ZhuyinIme(12498): layout root=780x351 lastRowBottom=348 sideBottom=346 sideRight=776 clipped=false id=97a7521
09-16 01:16:31.238 D/ZhuyinPerf(12498): perf key kind=zhuyin syllables=1 candidates=35 totalMs=67.9 engineMs=4.3 editorMs=0.2 uiMs=63.4 frameMs=89.9
09-16 01:16:31.328 D/ZhuyinIme(12498): layout root=780x351 lastRowBottom=348 sideBottom=346 sideRight=776 clipped=false id=97a7521
09-16 01:16:32.840 D/ZhuyinIme(12498): layout root=780x351 lastRowBottom=348 sideBottom=346 sideRight=776 clipped=false id=97a7521
09-16 01:16:32.845 D/ZhuyinPerf(12498): perf key kind=tone syllables=1 candidates=4 totalMs=12.6 engineMs=0.6 editorMs=0.3 uiMs=11.7 frameMs=20.1
09-16 01:16:32.995 D/ZhuyinIme(12498): layout root=780x351 lastRowBottom=348 sideBottom=346 sideRight=776 clipped=false id=97a7521
09-16 01:16:33.777 D/ZhuyinIme(12498): layout root=780x351 lastRowBottom=348 sideBottom=346 sideRight=776 clipped=false id=97a7521
09-16 01:16:33.782 D/ZhuyinPerf(12498): perf key kind=pick syllables=0 candidates=15 totalMs=23.2 engineMs=0.2 editorMs=0.2 uiMs=22.8 frameMs=31.7
09-16 01:16:34.228 D/ZhuyinIme(12498): layout root=780x351 lastRowBottom=348 sideBottom=346 sideRight=776 clipped=false id=97a7521
09-16 01:16:34.243 D/ZhuyinPerf(12498): perf key kind=zhuyin syllables=1 candidates=60 totalMs=111.6 engineMs=30.8 editorMs=0.3 uiMs=80.5 frameMs=139.2
09-16 01:16:34.273 D/ZhuyinIme(12498): layout root=780x351 lastRowBottom=348 sideBottom=346 sideRight=776 clipped=false id=97a7521
09-16 01:16:34.683 D/ZhuyinIme(12498): layout root=780x351 lastRowBottom=348 sideBottom=346 sideRight=776 clipped=false id=97a7521
09-16 01:16:34.697 D/ZhuyinPerf(12498): perf key kind=zhuyin syllables=1 candidates=60 totalMs=95.6 engineMs=20.5 editorMs=0.2 uiMs=74.8 frameMs=115.4
09-16 01:16:34.795 D/ZhuyinIme(12498): layout root=780x351 lastRowBottom=348 sideBottom=346 sideRight=776 clipped=false id=97a7521
09-16 01:16:35.105 D/ZhuyinIme(12498): layout root=780x351 lastRowBottom=348 sideBottom=346 sideRight=776 clipped=false id=97a7521
09-16 01:16:35.118 D/ZhuyinPerf(12498): perf key kind=zhuyin syllables=1 candidates=60 totalMs=78.7 engineMs=5.1 editorMs=0.2 uiMs=73.4 frameMs=103.9
09-16 01:16:35.195 D/ZhuyinIme(12498): layout root=780x351 lastRowBottom=348 sideBottom=346 sideRight=776 clipped=false id=97a7521
09-16 01:16:36.082 D/ZhuyinIme(12498): layout root=780x351 lastRowBottom=348 sideBottom=346 sideRight=776 clipped=false id=97a7521
09-16 01:16:36.087 D/ZhuyinPerf(12498): perf key kind=pick syllables=0 candidates=15 totalMs=22.0 engineMs=0.2 editorMs=0.2 uiMs=21.6 frameMs=29.7
09-16 01:16:36.787 D/ZhuyinIme(12498): layout root=780x351 lastRowBottom=348 sideBottom=346 sideRight=776 clipped=false id=97a7521
09-16 01:16:36.800 D/ZhuyinPerf(12498): perf key kind=zhuyin syllables=1 candidates=60 totalMs=78.7 engineMs=1.4 editorMs=0.8 uiMs=76.5 frameMs=95.6
09-16 01:16:36.895 D/ZhuyinIme(12498): layout root=780x351 lastRowBottom=348 sideBottom=346 sideRight=776 clipped=false id=97a7521
09-16 01:16:37.336 D/ZhuyinIme(12498): layout root=780x351 lastRowBottom=348 sideBottom=346 sideRight=776 clipped=false id=97a7521
09-16 01:16:37.345 D/ZhuyinPerf(12498): perf key kind=zhuyin syllables=1 candidates=35 totalMs=62.3 engineMs=1.6 editorMs=0.2 uiMs=60.5 frameMs=75.3
09-16 01:16:37.462 D/ZhuyinIme(12498): layout root=780x351 lastRowBottom=348 sideBottom=346 sideRight=776 clipped=false id=97a7521
09-16 01:16:38.202 D/ZhuyinIme(12498): layout root=780x351 lastRowBottom=348 sideBottom=346 sideRight=776 clipped=false id=97a7521
09-16 01:16:38.212 D/ZhuyinPerf(12498): perf key kind=pick syllables=0 candidates=15 totalMs=19.1 engineMs=0.1 editorMs=0.2 uiMs=18.8 frameMs=31.6
09-16 01:16:38.845 D/ZhuyinIme(12498): layout root=780x351 lastRowBottom=348 sideBottom=346 sideRight=776 clipped=false id=97a7521
09-16 01:16:38.860 D/ZhuyinPerf(12498): perf key kind=zhuyin syllables=1 candidates=60 totalMs=72.2 engineMs=1.6 editorMs=0.2 uiMs=70.4 frameMs=91.3
09-16 01:16:38.984 D/ZhuyinIme(12498): layout root=780x351 lastRowBottom=348 sideBottom=346 sideRight=776 clipped=false id=97a7521
09-16 01:16:40.384 D/ZhuyinIme(12498): layout root=780x351 lastRowBottom=348 sideBottom=346 sideRight=776 clipped=false id=97a7521
09-16 01:16:40.388 D/ZhuyinPerf(12498): perf key kind=pick syllables=0 candidates=15 totalMs=22.8 engineMs=0.3 editorMs=0.2 uiMs=22.3 frameMs=29.1
09-16 01:16:41.129 D/ZhuyinIme(12498): layout root=780x351 lastRowBottom=348 sideBottom=346 sideRight=776 clipped=false id=97a7521
09-16 01:16:41.141 D/ZhuyinPerf(12498): perf key kind=zhuyin syllables=1 candidates=60 totalMs=65.2 engineMs=1.1 editorMs=0.2 uiMs=63.9 frameMs=82.4
09-16 01:16:41.262 D/ZhuyinIme(12498): layout root=780x351 lastRowBottom=348 sideBottom=346 sideRight=776 clipped=false id=97a7521
09-16 01:16:41.686 D/ZhuyinIme(12498): layout root=780x351 lastRowBottom=348 sideBottom=346 sideRight=776 clipped=false id=97a7521
09-16 01:16:41.694 D/ZhuyinPerf(12498): perf key kind=zhuyin syllables=1 candidates=35 totalMs=45.1 engineMs=1.7 editorMs=0.2 uiMs=43.2 frameMs=57.1
09-16 01:16:41.840 D/ZhuyinIme(12498): layout root=780x351 lastRowBottom=348 sideBottom=346 sideRight=776 clipped=false id=97a7521
09-16 01:16:42.834 D/ZhuyinIme(12498): layout root=780x351 lastRowBottom=348 sideBottom=346 sideRight=776 clipped=false id=97a7521
09-16 01:16:42.841 D/ZhuyinPerf(12498): perf key kind=pick syllables=0 candidates=15 totalMs=18.6 engineMs=0.1 editorMs=0.2 uiMs=18.3 frameMs=27.1
09-16 01:16:43.180 D/ZhuyinIme(12498): layout root=780x351 lastRowBottom=348 sideBottom=346 sideRight=776 clipped=false id=97a7521
09-16 01:16:43.193 D/ZhuyinPerf(12498): perf key kind=zhuyin syllables=1 candidates=60 totalMs=61.7 engineMs=1.5 editorMs=0.2 uiMs=60.0 frameMs=79.8
09-16 01:16:43.328 D/ZhuyinIme(12498): layout root=780x351 lastRowBottom=348 sideBottom=346 sideRight=776 clipped=false id=97a7521
09-16 01:16:43.797 D/ZhuyinIme(12498): layout root=780x351 lastRowBottom=348 sideBottom=346 sideRight=776 clipped=false id=97a7521
09-16 01:16:43.808 D/ZhuyinPerf(12498): perf key kind=zhuyin syllables=1 candidates=60 totalMs=57.0 engineMs=1.3 editorMs=0.2 uiMs=55.5 frameMs=72.6
09-16 01:16:43.940 D/ZhuyinIme(12498): layout root=780x351 lastRowBottom=348 sideBottom=346 sideRight=776 clipped=false id=97a7521
09-16 01:16:44.409 D/ZhuyinIme(12498): layout root=780x351 lastRowBottom=348 sideBottom=346 sideRight=776 clipped=false id=97a7521
09-16 01:16:44.423 D/ZhuyinPerf(12498): perf key kind=zhuyin syllables=1 candidates=60 totalMs=67.1 engineMs=1.3 editorMs=0.3 uiMs=65.5 frameMs=85.8
09-16 01:16:44.595 D/ZhuyinIme(12498): layout root=780x351 lastRowBottom=348 sideBottom=346 sideRight=776 clipped=false id=97a7521
09-16 01:16:45.533 D/ZhuyinIme(12498): layout root=780x351 lastRowBottom=348 sideBottom=346 sideRight=776 clipped=false id=97a7521
09-16 01:16:45.538 D/ZhuyinPerf(12498): perf key kind=pick syllables=0 candidates=15 totalMs=16.1 engineMs=0.1 editorMs=0.6 uiMs=15.3 frameMs=22.9
09-16 01:16:54.584 D/ZhuyinIme(12498): layout root=780x351 lastRowBottom=348 sideBottom=346 sideRight=776 clipped=false id=97a7521
09-16 01:17:00.348 D/ZhuyinIme(12498): layout root=780x351 lastRowBottom=289 sideBottom=346 sideRight=776 clipped=false id=97a7521
09-16 01:17:00.386 D/ZhuyinIme(12498): layout root=780x351 lastRowBottom=289 sideBottom=346 sideRight=776 clipped=false id=97a7521
09-16 01:17:00.398 D/ZhuyinIme(12498): layout root=780x351 lastRowBottom=289 sideBottom=346 sideRight=776 clipped=false id=97a7521
09-16 01:17:00.439 D/ZhuyinIme(12498): layout root=780x351 lastRowBottom=289 sideBottom=346 sideRight=776 clipped=false id=97a7521
09-16 01:17:01.656 D/ZhuyinIme(12498): layout root=780x351 lastRowBottom=348 sideBottom=346 sideRight=776 clipped=false id=97a7521
09-16 01:17:01.670 D/ZhuyinPerf(12498): perf key kind=function syllables=0 candidates=0 totalMs=58.2 engineMs=0.0 editorMs=0.0 uiMs=58.2 frameMs=77.6
09-16 01:17:02.453 D/ZhuyinIme(12498): layout root=780x351 lastRowBottom=348 sideBottom=346 sideRight=776 clipped=false id=97a7521
09-16 01:17:02.465 D/ZhuyinPerf(12498): perf key kind=zhuyin syllables=1 candidates=60 totalMs=56.6 engineMs=1.2 editorMs=0.2 uiMs=55.2 frameMs=72.6
09-16 01:17:02.584 D/ZhuyinIme(12498): layout root=780x351 lastRowBottom=348 sideBottom=346 sideRight=776 clipped=false id=97a7521
09-16 01:17:03.048 D/ZhuyinIme(12498): layout root=780x351 lastRowBottom=348 sideBottom=346 sideRight=776 clipped=false id=97a7521
09-16 01:17:03.061 D/ZhuyinPerf(12498): perf key kind=zhuyin syllables=2 candidates=60 totalMs=91.5 engineMs=36.6 editorMs=0.2 uiMs=54.7 frameMs=112.5
09-16 01:17:03.140 D/ZhuyinIme(12498): layout root=780x351 lastRowBottom=348 sideBottom=346 sideRight=776 clipped=false id=97a7521
09-16 01:17:03.731 D/ZhuyinIme(12498): layout root=780x351 lastRowBottom=348 sideBottom=346 sideRight=776 clipped=false id=97a7521
09-16 01:17:03.744 D/ZhuyinPerf(12498): perf key kind=zhuyin syllables=3 candidates=60 totalMs=68.0 engineMs=13.3 editorMs=0.5 uiMs=54.1 frameMs=85.0
09-16 01:17:03.862 D/ZhuyinIme(12498): layout root=780x351 lastRowBottom=348 sideBottom=346 sideRight=776 clipped=false id=97a7521
09-16 01:17:04.283 D/ZhuyinIme(12498): layout root=780x351 lastRowBottom=348 sideBottom=346 sideRight=776 clipped=false id=97a7521
09-16 01:17:04.298 D/ZhuyinPerf(12498): perf key kind=zhuyin syllables=4 candidates=60 totalMs=86.0 engineMs=30.0 editorMs=0.3 uiMs=55.7 frameMs=105.3
09-16 01:17:04.406 D/ZhuyinIme(12498): layout root=780x351 lastRowBottom=348 sideBottom=346 sideRight=776 clipped=false id=97a7521
09-16 01:17:04.848 D/ZhuyinIme(12498): layout root=780x351 lastRowBottom=348 sideBottom=346 sideRight=776 clipped=false id=97a7521
09-16 01:17:04.863 D/ZhuyinPerf(12498): perf key kind=zhuyin syllables=5 candidates=60 totalMs=81.0 engineMs=25.4 editorMs=0.2 uiMs=55.4 frameMs=103.9
09-16 01:17:04.984 D/ZhuyinIme(12498): layout root=780x351 lastRowBottom=348 sideBottom=346 sideRight=776 clipped=false id=97a7521
09-16 01:17:06.454 D/ZhuyinIme(12498): layout root=780x351 lastRowBottom=348 sideBottom=346 sideRight=776 clipped=false id=97a7521
09-16 01:17:06.464 D/ZhuyinPerf(12498): perf key kind=zhuyin syllables=5 candidates=60 totalMs=74.6 engineMs=10.5 editorMs=0.2 uiMs=63.9 frameMs=88.3
09-16 01:17:06.562 D/ZhuyinIme(12498): layout root=780x351 lastRowBottom=348 sideBottom=346 sideRight=776 clipped=false id=97a7521
09-16 01:17:07.101 D/ZhuyinIme(12498): layout root=780x351 lastRowBottom=348 sideBottom=346 sideRight=776 clipped=false id=97a7521
09-16 01:17:07.112 D/ZhuyinPerf(12498): perf key kind=zhuyin syllables=6 candidates=60 totalMs=70.3 engineMs=10.5 editorMs=0.3 uiMs=59.5 frameMs=85.7
09-16 01:17:07.251 D/ZhuyinIme(12498): layout root=780x351 lastRowBottom=348 sideBottom=346 sideRight=776 clipped=false id=97a7521
09-16 01:17:08.171 D/ZhuyinIme(12498): layout root=780x351 lastRowBottom=348 sideBottom=346 sideRight=776 clipped=false id=97a7521
09-16 01:17:08.183 D/ZhuyinPerf(12498): perf key kind=zhuyin syllables=6 candidates=60 totalMs=62.3 engineMs=12.5 editorMs=0.4 uiMs=49.4 frameMs=78.3
09-16 01:17:08.317 D/ZhuyinIme(12498): layout root=780x351 lastRowBottom=348 sideBottom=346 sideRight=776 clipped=false id=97a7521
09-16 01:17:09.988 D/ZhuyinIme(12498): layout root=780x351 lastRowBottom=348 sideBottom=346 sideRight=776 clipped=false id=97a7521
09-16 01:17:10.001 D/ZhuyinPerf(12498): perf key kind=pick syllables=6 candidates=60 totalMs=55.2 engineMs=2.8 editorMs=0.2 uiMs=52.1 frameMs=76.1
09-16 01:17:11.108 D/ZhuyinIme(12498): layout root=780x351 lastRowBottom=348 sideBottom=346 sideRight=776 clipped=false id=97a7521
09-16 01:17:11.116 D/ZhuyinPerf(12498): perf key kind=pick syllables=6 candidates=9 totalMs=14.4 engineMs=1.4 editorMs=0.2 uiMs=12.8 frameMs=23.5
09-16 01:17:11.790 D/ZhuyinIme(12498): layout root=780x351 lastRowBottom=348 sideBottom=346 sideRight=776 clipped=false id=97a7521
09-16 01:17:11.794 D/ZhuyinPerf(12498): perf key kind=pick syllables=0 candidates=15 totalMs=16.9 engineMs=0.2 editorMs=0.9 uiMs=15.7 frameMs=23.5
09-16 01:17:13.925 D/ZhuyinIme(12498): layout root=780x351 lastRowBottom=348 sideBottom=346 sideRight=776 clipped=false id=97a7521
09-16 01:17:13.937 D/ZhuyinPerf(12498): perf key kind=zhuyin syllables=1 candidates=60 totalMs=58.5 engineMs=7.3 editorMs=0.2 uiMs=51.0 frameMs=77.2
09-16 01:17:14.084 D/ZhuyinIme(12498): layout root=780x351 lastRowBottom=348 sideBottom=346 sideRight=776 clipped=false id=97a7521
09-16 01:17:14.318 D/ZhuyinIme(12498): layout root=780x351 lastRowBottom=348 sideBottom=346 sideRight=776 clipped=false id=97a7521
09-16 01:17:14.325 D/ZhuyinPerf(12498): perf key kind=zhuyin syllables=1 candidates=33 totalMs=27.8 engineMs=2.3 editorMs=0.2 uiMs=25.3 frameMs=43.8
09-16 01:17:14.484 D/ZhuyinIme(12498): layout root=780x351 lastRowBottom=348 sideBottom=346 sideRight=776 clipped=false id=97a7521
09-16 01:17:14.950 D/ZhuyinIme(12498): layout root=780x351 lastRowBottom=348 sideBottom=346 sideRight=776 clipped=false id=97a7521
09-16 01:17:14.958 D/ZhuyinPerf(12498): perf key kind=zhuyin syllables=2 candidates=37 totalMs=53.0 engineMs=12.7 editorMs=0.7 uiMs=39.6 frameMs=66.3
09-16 01:17:15.084 D/ZhuyinIme(12498): layout root=780x351 lastRowBottom=348 sideBottom=346 sideRight=776 clipped=false id=97a7521
09-16 01:17:15.795 D/ZhuyinIme(12498): layout root=780x351 lastRowBottom=348 sideBottom=346 sideRight=776 clipped=false id=97a7521
09-16 01:17:15.802 D/ZhuyinPerf(12498): perf key kind=zhuyin syllables=2 candidates=34 totalMs=32.2 engineMs=4.6 editorMs=0.2 uiMs=27.5 frameMs=43.3
09-16 01:17:15.962 D/ZhuyinIme(12498): layout root=780x351 lastRowBottom=348 sideBottom=346 sideRight=776 clipped=false id=97a7521
09-16 01:17:16.620 D/ZhuyinIme(12498): layout root=780x351 lastRowBottom=348 sideBottom=346 sideRight=776 clipped=false id=97a7521
09-16 01:17:16.621 D/ZhuyinPerf(12498): perf key kind=pick syllables=0 candidates=2 totalMs=4.1 engineMs=0.2 editorMs=0.2 uiMs=3.8 frameMs=6.7
09-16 01:17:17.076 D/ZhuyinIme(12498): layout root=780x351 lastRowBottom=348 sideBottom=346 sideRight=776 clipped=false id=97a7521
09-16 01:17:17.095 D/ZhuyinPerf(12498): perf key kind=zhuyin syllables=1 candidates=60 totalMs=63.4 engineMs=1.2 editorMs=0.2 uiMs=62.0 frameMs=91.1
09-16 01:17:17.218 D/ZhuyinIme(12498): layout root=780x351 lastRowBottom=348 sideBottom=346 sideRight=776 clipped=false id=97a7521
09-16 01:17:17.563 D/ZhuyinIme(12498): layout root=780x351 lastRowBottom=348 sideBottom=346 sideRight=776 clipped=false id=97a7521
09-16 01:17:17.575 D/ZhuyinPerf(12498): perf key kind=zhuyin syllables=1 candidates=60 totalMs=51.0 engineMs=5.1 editorMs=0.2 uiMs=45.7 frameMs=71.9
09-16 01:17:17.740 D/ZhuyinIme(12498): layout root=780x351 lastRowBottom=348 sideBottom=346 sideRight=776 clipped=false id=97a7521
09-16 01:17:18.618 D/ZhuyinIme(12498): layout root=780x351 lastRowBottom=348 sideBottom=346 sideRight=776 clipped=false id=97a7521
09-16 01:17:18.622 D/ZhuyinPerf(12498): perf key kind=pick syllables=0 candidates=15 totalMs=13.0 engineMs=0.1 editorMs=0.2 uiMs=12.7 frameMs=18.5
09-16 01:17:19.063 D/ZhuyinIme(12498): layout root=780x351 lastRowBottom=348 sideBottom=346 sideRight=776 clipped=false id=97a7521
09-16 01:17:19.077 D/ZhuyinPerf(12498): perf key kind=zhuyin syllables=1 candidates=60 totalMs=61.7 engineMs=11.3 editorMs=0.2 uiMs=50.3 frameMs=84.4
09-16 01:17:19.262 D/ZhuyinIme(12498): layout root=780x351 lastRowBottom=348 sideBottom=346 sideRight=776 clipped=false id=97a7521
09-16 01:17:20.154 D/ZhuyinIme(12498): layout root=780x351 lastRowBottom=348 sideBottom=346 sideRight=776 clipped=false id=97a7521
09-16 01:17:20.167 D/ZhuyinPerf(12498): perf key kind=zhuyin syllables=1 candidates=60 totalMs=54.2 engineMs=6.8 editorMs=0.2 uiMs=47.2 frameMs=74.9
09-16 01:17:20.295 D/ZhuyinIme(12498): layout root=780x351 lastRowBottom=348 sideBottom=346 sideRight=776 clipped=false id=97a7521
09-16 01:17:20.653 D/ZhuyinIme(12498): layout root=780x351 lastRowBottom=348 sideBottom=346 sideRight=776 clipped=false id=97a7521
09-16 01:17:20.662 D/ZhuyinPerf(12498): perf key kind=zhuyin syllables=1 candidates=46 totalMs=42.5 engineMs=2.9 editorMs=0.2 uiMs=39.5 frameMs=57.5
09-16 01:17:20.784 D/ZhuyinIme(12498): layout root=780x351 lastRowBottom=348 sideBottom=346 sideRight=776 clipped=false id=97a7521
09-16 01:17:21.122 D/ZhuyinIme(12498): layout root=780x351 lastRowBottom=348 sideBottom=346 sideRight=776 clipped=false id=97a7521
09-16 01:17:21.132 D/ZhuyinPerf(12498): perf key kind=zhuyin syllables=2 candidates=60 totalMs=59.1 engineMs=7.8 editorMs=0.2 uiMs=51.2 frameMs=74.3
09-16 01:17:21.251 D/ZhuyinIme(12498): layout root=780x351 lastRowBottom=348 sideBottom=346 sideRight=776 clipped=false id=97a7521
09-16 01:17:21.975 D/ZhuyinIme(12498): layout root=780x351 lastRowBottom=348 sideBottom=346 sideRight=776 clipped=false id=97a7521
09-16 01:17:21.979 D/ZhuyinPerf(12498): perf key kind=pick syllables=0 candidates=15 totalMs=14.2 engineMs=0.1 editorMs=0.2 uiMs=13.8 frameMs=21.0
09-16 01:17:22.537 D/ZhuyinIme(12498): layout root=780x351 lastRowBottom=348 sideBottom=346 sideRight=776 clipped=false id=97a7521
09-16 01:17:22.549 D/ZhuyinPerf(12498): perf key kind=zhuyin syllables=1 candidates=60 totalMs=58.0 engineMs=7.3 editorMs=0.2 uiMs=50.5 frameMs=79.8
09-16 01:17:22.662 D/ZhuyinIme(12498): layout root=780x351 lastRowBottom=348 sideBottom=346 sideRight=776 clipped=false id=97a7521
09-16 01:17:23.063 D/ZhuyinIme(12498): layout root=780x351 lastRowBottom=348 sideBottom=346 sideRight=776 clipped=false id=97a7521
09-16 01:17:23.076 D/ZhuyinPerf(12498): perf key kind=zhuyin syllables=2 candidates=60 totalMs=64.1 engineMs=16.4 editorMs=0.2 uiMs=47.5 frameMs=84.2
09-16 01:17:23.195 D/ZhuyinIme(12498): layout root=780x351 lastRowBottom=348 sideBottom=346 sideRight=776 clipped=false id=97a7521
09-16 01:17:24.531 D/ZhuyinIme(12498): layout root=780x351 lastRowBottom=348 sideBottom=346 sideRight=776 clipped=false id=97a7521
09-16 01:17:24.535 D/ZhuyinPerf(12498): perf key kind=pick syllables=0 candidates=15 totalMs=14.2 engineMs=0.2 editorMs=0.2 uiMs=13.8 frameMs=20.3
09-16 01:17:29.329 D/ZhuyinIme(12498): layout root=780x351 lastRowBottom=348 sideBottom=346 sideRight=776 clipped=false id=97a7521
09-16 01:17:29.332 D/ZhuyinPerf(12498): perf key kind=backspace syllables=0 candidates=0 totalMs=1.5 engineMs=0.0 editorMs=0.2 uiMs=1.3 frameMs=8.6
09-16 01:17:29.729 D/ZhuyinPerf(12498): perf key kind=backspace syllables=0 candidates=0 totalMs=0.7 engineMs=0.0 editorMs=0.0 uiMs=0.7 frameMs=4.4
09-16 01:17:29.796 D/ZhuyinPerf(12498): perf key kind=backspace syllables=0 candidates=0 totalMs=0.2 engineMs=0.0 editorMs=0.0 uiMs=0.2 frameMs=9.3
09-16 01:17:29.851 D/ZhuyinPerf(12498): perf key kind=backspace syllables=0 candidates=0 totalMs=0.2 engineMs=0.0 editorMs=0.0 uiMs=0.2 frameMs=4.5
09-16 01:17:29.918 D/ZhuyinPerf(12498): perf key kind=backspace syllables=0 candidates=0 totalMs=0.2 engineMs=0.0 editorMs=0.0 uiMs=0.2 frameMs=11.8
09-16 01:17:29.975 D/ZhuyinPerf(12498): perf key kind=backspace syllables=0 candidates=0 totalMs=0.3 engineMs=0.0 editorMs=0.0 uiMs=0.3 frameMs=7.4
09-16 01:17:30.030 D/ZhuyinPerf(12498): perf key kind=backspace syllables=0 candidates=0 totalMs=0.4 engineMs=0.0 editorMs=0.0 uiMs=0.4 frameMs=1.4
09-16 01:17:30.096 D/ZhuyinPerf(12498): perf key kind=backspace syllables=0 candidates=0 totalMs=0.4 engineMs=0.0 editorMs=0.0 uiMs=0.4 frameMs=7.0
09-16 01:17:30.152 D/ZhuyinPerf(12498): perf key kind=backspace syllables=0 candidates=0 totalMs=0.6 engineMs=0.0 editorMs=0.0 uiMs=0.6 frameMs=1.6
09-16 01:17:30.218 D/ZhuyinPerf(12498): perf key kind=backspace syllables=0 candidates=0 totalMs=0.3 engineMs=0.0 editorMs=0.0 uiMs=0.3 frameMs=7.6
09-16 01:17:30.274 D/ZhuyinPerf(12498): perf key kind=backspace syllables=0 candidates=0 totalMs=0.3 engineMs=0.0 editorMs=0.0 uiMs=0.3 frameMs=2.3
09-16 01:17:30.341 D/ZhuyinPerf(12498): perf key kind=backspace syllables=0 candidates=0 totalMs=0.3 engineMs=0.0 editorMs=0.0 uiMs=0.3 frameMs=8.8
09-16 01:17:30.396 D/ZhuyinPerf(12498): perf key kind=backspace syllables=0 candidates=0 totalMs=0.3 engineMs=0.0 editorMs=0.0 uiMs=0.3 frameMs=4.2
09-16 01:17:30.463 D/ZhuyinPerf(12498): perf key kind=backspace syllables=0 candidates=0 totalMs=0.2 engineMs=0.0 editorMs=0.0 uiMs=0.2 frameMs=10.5
09-16 01:17:30.518 D/ZhuyinPerf(12498): perf key kind=backspace syllables=0 candidates=0 totalMs=0.5 engineMs=0.0 editorMs=0.0 uiMs=0.5 frameMs=5.7
09-16 01:17:30.585 D/ZhuyinPerf(12498): perf key kind=backspace syllables=0 candidates=0 totalMs=0.3 engineMs=0.0 editorMs=0.0 uiMs=0.3 frameMs=11.2
09-16 01:17:30.641 D/ZhuyinPerf(12498): perf key kind=backspace syllables=0 candidates=0 totalMs=0.4 engineMs=0.0 editorMs=0.0 uiMs=0.4 frameMs=6.5
09-16 01:17:30.696 D/ZhuyinPerf(12498): perf key kind=backspace syllables=0 candidates=0 totalMs=0.3 engineMs=0.0 editorMs=0.0 uiMs=0.3 frameMs=1.2
09-16 01:17:30.763 D/ZhuyinPerf(12498): perf key kind=backspace syllables=0 candidates=0 totalMs=0.3 engineMs=0.0 editorMs=0.0 uiMs=0.3 frameMs=7.9
09-16 01:17:30.818 D/ZhuyinPerf(12498): perf key kind=backspace syllables=0 candidates=0 totalMs=0.3 engineMs=0.0 editorMs=0.0 uiMs=0.3 frameMs=2.6
09-16 01:17:30.885 D/ZhuyinPerf(12498): perf key kind=backspace syllables=0 candidates=0 totalMs=0.3 engineMs=0.0 editorMs=0.0 uiMs=0.3 frameMs=8.7
09-16 01:17:30.940 D/ZhuyinPerf(12498): perf key kind=backspace syllables=0 candidates=0 totalMs=0.3 engineMs=0.0 editorMs=0.0 uiMs=0.3 frameMs=4.0
09-16 01:17:30.984 D/ZhuyinIme(12498): layout root=780x351 lastRowBottom=348 sideBottom=346 sideRight=776 clipped=false id=97a7521
09-16 01:17:34.596 D/ZhuyinIme(12498): layout root=780x351 lastRowBottom=348 sideBottom=346 sideRight=776 clipped=false id=97a7521
